// Jest Snapshot v1, https://goo.gl/fbAQLP

exports[`displays a list of players 1`] = `
<div>
  <h1>
    Players:
  </h1>
  <a
    class="App-link"
    href="/players/add"
  >
    Add a Player
  </a>
  <ul>
    <li>
      <a
        href="/players/4"
      >
        Babette Hebert
      </a>
       
      <button
        aria-label="Delete the Babette Hebert"
        type="button"
      >
        Delete
      </button>
    </li>
    <li>
      <a
        href="/players/1"
      >
        Boudreaux Doucet
      </a>
       
      <button
        aria-label="Delete the Boudreaux Doucet"
        type="button"
      >
        Delete
      </button>
    </li>
    <li>
      <a
        href="/players/2"
      >
        Larry Broussard
      </a>
       
      <button
        aria-label="Delete the Larry Broussard"
        type="button"
      >
        Delete
      </button>
    </li>
    <li>
      <a
        href="/players/5"
      >
        Maggie Arcenaux
      </a>
       
      <button
        aria-label="Delete the Maggie Arcenaux"
        type="button"
      >
        Delete
      </button>
    </li>
    <li>
      <a
        href="/players/3"
      >
        Mike Comeaux
      </a>
       
      <button
        aria-label="Delete the Mike Comeaux"
        type="button"
      >
        Delete
      </button>
    </li>
    <li>
      <a
        href="/players/6"
      >
        Nicole Melançon
      </a>
       
      <button
        aria-label="Delete the Nicole Melançon"
        type="button"
      >
        Delete
      </button>
    </li>
  </ul>
</div>
`;
